RAM Allocation [bytes]
Variable                                                                          Address   Size
------------------------------------------------------------------------------------------------
prtc_get_time                                                                     0x0CB8       2
prtc_get_date                                                                     0x0CBA       2
cursor                                                                            0x0CBC       1
NombreArchivo                                                                     0x0CBD      17
Cadena                                                                            0x0CCE      15
mseg                                                                              0x0CDD       4
tiempo                                                                            0x0CE1       4
opcion                                                                            0x0CE5       1
i                                                                                 0x0CE6       1
j                                                                                 0x0CE7       1
Llave                                                                             0x0CE8     176
NumBloques                                                                        0x0D98       4
error                                                                             0x0D9C       1
Buffer                                                                            0x0D9D      16
sbox                                                                              0x0DAD     256
rsbox                                                                             0x0EAD     256
rcon                                                                              0x0FAD      11
M3                                                                                0x0FB8     256
M2                                                                                0x10B8     256
M9                                                                                0x11B8     256
M11                                                                               0x12B8     256
M13                                                                               0x13B8     256
M14                                                                               0x14B8     256
status                                                                            0x15B8       1
timer1                                                                            0x15B9       1
timer2                                                                            0x15BA       1
card_type                                                                         0x15BB       1
FatFs                                                                             0x15BC       2
Fsid                                                                              0x15BE       2
Drive                                                                             0x15C0       1

EEPROM Allocation [bytes]
Variable                                                                          Address   Size
------------------------------------------------------------------------------------------------

Register Allocation
Variable                                                                          Register  Size
------------------------------------------------------------------------------------------------

FLASH Allocation [words]
Function                                                                          Address   Size
------------------------------------------------------------------------------------------------
SetupLCD                                                                          0x00711     42
PulseEn                                                                           0x0073B      3
SendDataBitsLCD                                                                   0x0073E     26
WriteComandLCD                                                                    0x00758     12
CharLCD                                                                           0x00764     12
StringLCD                                                                         0x00770     23
mul3                                                                              0x00787      6
mul2                                                                              0x0078D      8
ImprimeError                                                                      0x00795    114
AddRoundKey                                                                       0x00807     49
MixColumns                                                                        0x00838    115
SubBytes                                                                          0x008AB     29
ShiftRows                                                                         0x008C8     81
KeyExpansion                                                                      0x00919    108
Cipher                                                                            0x00985     68
timer1_compa_isr                                                                  0x009C9     29
timer2_compa_isr                                                                  0x009E6     21
main                                                                              0x009FB    581
crc7_G100                                                                         0x00C40     29
wait_ready_G100                                                                   0x00C5D     25
deselect_card_G100                                                                0x00C76      7
rx_datablock_G100                                                                 0x00C7D    101
tx_datablock_G100                                                                 0x00CE2     67
send_cmd_G100                                                                     0x00D25     99
rx_spi4_G100                                                                      0x00D88     20
disk_initialize                                                                   0x00D9C    210
disk_status                                                                       0x00E6E     10
disk_read                                                                         0x00E78    100
disk_write                                                                        0x00EDC    119
disk_ioctl                                                                        0x00F53    405
disk_timerproc                                                                    0x010E8     22
get_fattime                                                                       0x010FE    127
chk_chrf_G101                                                                     0x0117D     23
move_window_G101                                                                  0x01194    103
sync_G101                                                                         0x011FB    106
get_fat                                                                           0x01265    123
put_fat                                                                           0x012E0    160
remove_chain_G101                                                                 0x01380     93
create_chain_G101                                                                 0x013DD    199
clust2sect                                                                        0x014A4     56
dir_seek_G101                                                                     0x014DC    146
dir_next_G101                                                                     0x0156E    228
dir_find_G101                                                                     0x01652     46
dir_register_G101                                                                 0x01680     68
create_name_G101                                                                  0x016C4    174
follow_path_G101                                                                  0x01772    135
check_fs_G101                                                                     0x017F9     50
chk_mounted                                                                       0x0182B    505
validate_G101                                                                     0x01A24     34
f_mount                                                                           0x01A46     45
f_open                                                                            0x01A73    315
f_read                                                                            0x01BAE    367
f_write                                                                           0x01D1D    432
f_sync                                                                            0x01ECD    137
f_close                                                                           0x01F56     13
getchar                                                                           0x01F63      7
putchar                                                                           0x01F6A     10
put_usart_G102                                                                    0x01F74     13
_print_G102                                                                       0x01F81    382
printf                                                                            0x020FF     29
get_usart_G102                                                                    0x0211C     19
_scanf_G102                                                                       0x0212F    322
scanf                                                                             0x02271     27
memcmp                                                                            0x0228C     25
memcpy                                                                            0x022A5     18
memset                                                                            0x022B7     16
strlen                                                                            0x022C7     12
strlenf                                                                           0x022D3     13
isdigit                                                                           0x022E0      9
isspace                                                                           0x022E9     11
isxdigit                                                                          0x022F4     15
