RAM Allocation [bytes]
Variable                                                                          Address   Size
------------------------------------------------------------------------------------------------
prtc_get_time                                                                     0x0CB8       2
prtc_get_date                                                                     0x0CBA       2
cursor                                                                            0x0CBC       1
NombreArchivo                                                                     0x0CBD      17
Cadena                                                                            0x0CCE      15
Cadena2                                                                           0x0CDD      15
CadenaAES                                                                         0x0CEC      15
mseg                                                                              0x0CFB       4
tiempo                                                                            0x0CFF       4
tempLE                                                                            0x0D03       4
opcion                                                                            0x0D07       1
i                                                                                 0x0D08       1
avance                                                                            0x0D09       1
Llave                                                                             0x0D0A     176
NumBloques                                                                        0x0DBA       4
j                                                                                 0x0DBE       4
error                                                                             0x0DC2       1
Buffer                                                                            0x0DC3      16
status                                                                            0x0DD3       1
timer1                                                                            0x0DD4       1
timer2                                                                            0x0DD5       1
card_type                                                                         0x0DD6       1
FatFs                                                                             0x0DD7       2
Fsid                                                                              0x0DD9       2
Drive                                                                             0x0DDB       1

EEPROM Allocation [bytes]
Variable                                                                          Address   Size
------------------------------------------------------------------------------------------------

Register Allocation
Variable                                                                          Register  Size
------------------------------------------------------------------------------------------------

FLASH Allocation [words]
Function                                                                          Address   Size
------------------------------------------------------------------------------------------------
SetupLCD                                                                          0x007DD     42
PulseEn                                                                           0x00807      3
SendDataBitsLCD                                                                   0x0080A     26
WriteComandLCD                                                                    0x00824     12
CharLCD                                                                           0x00830     12
StringLCD                                                                         0x0083C     23
StringLCDVar                                                                      0x00853     19
EraseLCD                                                                          0x00866      3
MoveCursor                                                                        0x00869     30
mul3                                                                              0x00887      6
mul2                                                                              0x0088D      6
mul9                                                                              0x00893      6
mul11                                                                             0x00899      6
mul13                                                                             0x0089F      6
mul14                                                                             0x008A5      8
ImprimeError                                                                      0x008AD    113
timer1_compa_isr                                                                  0x0091E     29
timer2_compa_isr                                                                  0x0093B     21
SubBytes                                                                          0x00950     30
ShiftRows                                                                         0x0096E     41
MixColumns                                                                        0x00997     72
AddRoundKey                                                                       0x009DF     27
KeyExpansion                                                                      0x009FA    108
Cipher                                                                            0x00A66     59
InverseAddRoundKey                                                                0x00AA1     34
InverseShiftRows                                                                  0x00AC3     43
InverseSubBytes                                                                   0x00AEE     34
InverseMixColumns                                                                 0x00B10    107
Decipher                                                                          0x00B7B     73
main                                                                              0x00BC4    717
crc7_G100                                                                         0x00E91     29
wait_ready_G100                                                                   0x00EAE     25
deselect_card_G100                                                                0x00EC7      7
rx_datablock_G100                                                                 0x00ECE    101
tx_datablock_G100                                                                 0x00F33     67
send_cmd_G100                                                                     0x00F76     99
rx_spi4_G100                                                                      0x00FD9     20
disk_initialize                                                                   0x00FED    210
disk_status                                                                       0x010BF     10
disk_read                                                                         0x010C9    100
disk_write                                                                        0x0112D    119
disk_ioctl                                                                        0x011A4    405
disk_timerproc                                                                    0x01339     22
get_fattime                                                                       0x0134F    127
chk_chrf_G101                                                                     0x013CE     23
move_window_G101                                                                  0x013E5    103
sync_G101                                                                         0x0144C    106
get_fat                                                                           0x014B6    123
put_fat                                                                           0x01531    160
remove_chain_G101                                                                 0x015D1     93
create_chain_G101                                                                 0x0162E    199
clust2sect                                                                        0x016F5     56
dir_seek_G101                                                                     0x0172D    146
dir_next_G101                                                                     0x017BF    228
dir_find_G101                                                                     0x018A3     46
dir_register_G101                                                                 0x018D1     68
create_name_G101                                                                  0x01915    174
follow_path_G101                                                                  0x019C3    135
check_fs_G101                                                                     0x01A4A     50
chk_mounted                                                                       0x01A7C    502
validate_G101                                                                     0x01C72     34
f_mount                                                                           0x01C94     45
f_open                                                                            0x01CC1    315
f_read                                                                            0x01DFC    363
f_write                                                                           0x01F67    428
f_sync                                                                            0x02113    137
f_close                                                                           0x0219C     13
getchar                                                                           0x021A9      7
putchar                                                                           0x021B0     10
put_usart_G102                                                                    0x021BA     10
put_buff_G102                                                                     0x021C4     58
_print_G102                                                                       0x021FE    382
sprintf                                                                           0x0237C     52
printf                                                                            0x023B0     31
get_usart_G102                                                                    0x023CF     19
_scanf_G102                                                                       0x023E2    322
scanf                                                                             0x02524     29
memcmp                                                                            0x02541     25
memcpy                                                                            0x0255A     18
memset                                                                            0x0256C     16
strlen                                                                            0x0257C     12
strlenf                                                                           0x02588     13
isdigit                                                                           0x02595      9
isspace                                                                           0x0259E     11
isxdigit                                                                          0x025A9     15
